// Jest Snapshot v1, https://goo.gl/fbAQLP

exports[`List renders as expected 1`] = `
<div>
  <div
    class="p-8"
  >
    <h2
      class="text-2xl font-semibold text-green-400 mb-7"
    >
      Allowances
    </h2>
    <div
      class="grid grid-cols-1 sm:grid-cols-2 lg:grid-cols-3 gap-4"
    />
  </div>
</div>
`;
